// Jest Snapshot v1, https://goo.gl/fbAQLP

exports[`check if input works properly check snapshot is matched properly 1`] = `[Function]`;
